// Jest Snapshot v1, https://goo.gl/fbAQLP

exports[`should render 1`] = `
<CollapseContainer
  title="Teste"
>
  <Styled(styled.div)>
    <div
      className="sc-iqHYGH sc-hBEYos hmRvQo akcvU"
    >
      <styled.div
        id="header"
        onClick={[Function]}
      >
        <div
          className="sc-dQppl XyQTX"
          id="header"
          onClick={[Function]}
        >
          <styled.span>
            <span
              className="sc-fFubgz eJExlT"
            >
              Teste
            </span>
          </styled.span>
          <styled.div>
            <div
              className="sc-bqyKva bcvEpr"
            >
              <Icon
                path="<svg width=\\"8\\" height=\\"5\\" viewBox=\\"0 0 8 5\\" fill=\\"none\\" xmlns=\\"http://www.w3.org/2000/svg\\"><path d=\\"M6.67969 -2.70123e-07L4 2.63608L1.32031 -3.5857e-08L0.5 0.806962L4 4.25L7.5 0.806962L6.67969 -2.70123e-07Z\\" /></svg>"
                rotate={0}
                size="16px"
              >
                <Styled(SVGInline)
                  fill="#979899"
                  path="<svg width=\\"8\\" height=\\"5\\" viewBox=\\"0 0 8 5\\" fill=\\"none\\" xmlns=\\"http://www.w3.org/2000/svg\\"><path d=\\"M6.67969 -2.70123e-07L4 2.63608L1.32031 -3.5857e-08L0.5 0.806962L4 4.25L7.5 0.806962L6.67969 -2.70123e-07Z\\" /></svg>"
                  rotate={0}
                  size="16px"
                  style={Object {}}
                  svg="<svg width=\\"8\\" height=\\"5\\" viewBox=\\"0 0 8 5\\" fill=\\"none\\" xmlns=\\"http://www.w3.org/2000/svg\\"><path d=\\"M6.67969 -2.70123e-07L4 2.63608L1.32031 -3.5857e-08L0.5 0.806962L4 4.25L7.5 0.806962L6.67969 -2.70123e-07Z\\" /></svg>"
                  width="16px"
                >
                  <SVGInline
                    className="sc-bdfBwQ iMwGTD"
                    classSuffix="-svg"
                    cleanup={Array []}
                    cleanupExceptions={Array []}
                    component="span"
                    fill="#979899"
                    path="<svg width=\\"8\\" height=\\"5\\" viewBox=\\"0 0 8 5\\" fill=\\"none\\" xmlns=\\"http://www.w3.org/2000/svg\\"><path d=\\"M6.67969 -2.70123e-07L4 2.63608L1.32031 -3.5857e-08L0.5 0.806962L4 4.25L7.5 0.806962L6.67969 -2.70123e-07Z\\" /></svg>"
                    rotate={0}
                    size="16px"
                    style={Object {}}
                    svg="<svg width=\\"8\\" height=\\"5\\" viewBox=\\"0 0 8 5\\" fill=\\"none\\" xmlns=\\"http://www.w3.org/2000/svg\\"><path d=\\"M6.67969 -2.70123e-07L4 2.63608L1.32031 -3.5857e-08L0.5 0.806962L4 4.25L7.5 0.806962L6.67969 -2.70123e-07Z\\" /></svg>"
                    width="16px"
                  >
                    <span
                      className="SVGInline sc-bdfBwQ iMwGTD"
                      dangerouslySetInnerHTML={
                        Object {
                          "__html": "<svg class=\\"SVGInline-svg sc-bdfBwQ-svg iMwGTD-svg\\" fill=\\"#979899\\" style=\\"width: 16px;height: 16px;\\" width=\\"8\\" height=\\"5\\" viewBox=\\"0 0 8 5\\" fill=\\"none\\" xmlns=\\"http://www.w3.org/2000/svg\\"><path d=\\"M6.67969 -2.70123e-07L4 2.63608L1.32031 -3.5857e-08L0.5 0.806962L4 4.25L7.5 0.806962L6.67969 -2.70123e-07Z\\" /></svg>",
                        }
                      }
                      path="<svg width=\\"8\\" height=\\"5\\" viewBox=\\"0 0 8 5\\" fill=\\"none\\" xmlns=\\"http://www.w3.org/2000/svg\\"><path d=\\"M6.67969 -2.70123e-07L4 2.63608L1.32031 -3.5857e-08L0.5 0.806962L4 4.25L7.5 0.806962L6.67969 -2.70123e-07Z\\" /></svg>"
                      rotate={0}
                      size="16px"
                      style={Object {}}
                    />
                  </SVGInline>
                </Styled(SVGInline)>
              </Icon>
            </div>
          </styled.div>
        </div>
      </styled.div>
      <UnmountClosed
        isOpened={false}
      />
    </div>
  </Styled(styled.div)>
</CollapseContainer>
`;
