// Jest Snapshot v1, https://goo.gl/fbAQLP

exports[`should render 1`] = `
<HeaderCalendar
  disabledLeft={true}
  month={0}
  onBackMonthClick={[Function]}
  onMonthClick={[Function]}
  onNextMonthClick={[Function]}
  values={
    Array [
      Object {
        "color": "#2E7D32",
        "label": "Recebido",
        "value": "2.502,16",
      },
      Object {
        "color": "#D32F2F",
        "label": "Previsto",
        "value": "8.660,07",
      },
    ]
  }
  year={2020}
>
  <styled.div>
    <div
      className="sc-hKgILt bvAxfA"
    >
      <styled.div>
        <div
          className="sc-gsTCUz kforPu"
        >
          <Icon
            appearance="primary"
            disabled={true}
            id="backMonth"
            onClick={[Function]}
            path="<svg width=\\"9\\" height=\\"14\\" viewBox=\\"0 0 9 14\\" fill=\\"none\\" xmlns=\\"http://www.w3.org/2000/svg\\"><path d=\\"M9 12.3594L3.72785 7L9 1.64062L7.38608 0L0.5 7L7.38608 14L9 12.3594Z\\"/></svg>"
            size="16px"
            style={
              Object {
                "cursor": false,
                "marginRight": "8px",
                "opacity": 0.4,
              }
            }
          >
            <Styled(SVGInline)
              appearance="primary"
              disabled={true}
              fill="#008488"
              id="backMonth"
              onClick={[Function]}
              path="<svg width=\\"9\\" height=\\"14\\" viewBox=\\"0 0 9 14\\" fill=\\"none\\" xmlns=\\"http://www.w3.org/2000/svg\\"><path d=\\"M9 12.3594L3.72785 7L9 1.64062L7.38608 0L0.5 7L7.38608 14L9 12.3594Z\\"/></svg>"
              size="16px"
              style={
                Object {
                  "cursor": false,
                  "marginRight": "8px",
                  "opacity": 0.4,
                }
              }
              svg="<svg width=\\"9\\" height=\\"14\\" viewBox=\\"0 0 9 14\\" fill=\\"none\\" xmlns=\\"http://www.w3.org/2000/svg\\"><path d=\\"M9 12.3594L3.72785 7L9 1.64062L7.38608 0L0.5 7L7.38608 14L9 12.3594Z\\"/></svg>"
              width="16px"
            >
              <SVGInline
                appearance="primary"
                className="sc-bdfBwQ joEHIz"
                classSuffix="-svg"
                cleanup={Array []}
                cleanupExceptions={Array []}
                component="span"
                disabled={true}
                fill="#008488"
                id="backMonth"
                onClick={[Function]}
                path="<svg width=\\"9\\" height=\\"14\\" viewBox=\\"0 0 9 14\\" fill=\\"none\\" xmlns=\\"http://www.w3.org/2000/svg\\"><path d=\\"M9 12.3594L3.72785 7L9 1.64062L7.38608 0L0.5 7L7.38608 14L9 12.3594Z\\"/></svg>"
                size="16px"
                style={
                  Object {
                    "cursor": false,
                    "marginRight": "8px",
                    "opacity": 0.4,
                  }
                }
                svg="<svg width=\\"9\\" height=\\"14\\" viewBox=\\"0 0 9 14\\" fill=\\"none\\" xmlns=\\"http://www.w3.org/2000/svg\\"><path d=\\"M9 12.3594L3.72785 7L9 1.64062L7.38608 0L0.5 7L7.38608 14L9 12.3594Z\\"/></svg>"
                width="16px"
              >
                <span
                  appearance="primary"
                  className="SVGInline sc-bdfBwQ joEHIz"
                  dangerouslySetInnerHTML={
                    Object {
                      "__html": "<svg class=\\"SVGInline-svg sc-bdfBwQ-svg joEHIz-svg\\" fill=\\"#008488\\" style=\\"width: 16px;height: 16px;\\" width=\\"9\\" height=\\"14\\" viewBox=\\"0 0 9 14\\" fill=\\"none\\" xmlns=\\"http://www.w3.org/2000/svg\\"><path d=\\"M9 12.3594L3.72785 7L9 1.64062L7.38608 0L0.5 7L7.38608 14L9 12.3594Z\\"/></svg>",
                    }
                  }
                  disabled={true}
                  id="backMonth"
                  onClick={[Function]}
                  path="<svg width=\\"9\\" height=\\"14\\" viewBox=\\"0 0 9 14\\" fill=\\"none\\" xmlns=\\"http://www.w3.org/2000/svg\\"><path d=\\"M9 12.3594L3.72785 7L9 1.64062L7.38608 0L0.5 7L7.38608 14L9 12.3594Z\\"/></svg>"
                  size="16px"
                  style={
                    Object {
                      "cursor": false,
                      "marginRight": "8px",
                      "opacity": 0.4,
                    }
                  }
                />
              </SVGInline>
            </Styled(SVGInline)>
          </Icon>
          <Icon
            appearance="primary"
            id="nextMonth"
            onClick={[Function]}
            path="<svg width=\\"9\\" height=\\"14\\" viewBox=\\"0 0 9 14\\" fill=\\"none\\" xmlns=\\"http://www.w3.org/2000/svg\\"><path d=\\"M1.08049e-06 1.64063L5.27215 7L1.43428e-07 12.3594L1.61392 14L8.5 7L1.61393 3.51674e-07L1.08049e-06 1.64063Z\\"/></svg>"
            size="16px"
            style={
              Object {
                "cursor": "pointer",
                "opacity": 1,
              }
            }
          >
            <Styled(SVGInline)
              appearance="primary"
              fill="#008488"
              id="nextMonth"
              onClick={[Function]}
              path="<svg width=\\"9\\" height=\\"14\\" viewBox=\\"0 0 9 14\\" fill=\\"none\\" xmlns=\\"http://www.w3.org/2000/svg\\"><path d=\\"M1.08049e-06 1.64063L5.27215 7L1.43428e-07 12.3594L1.61392 14L8.5 7L1.61393 3.51674e-07L1.08049e-06 1.64063Z\\"/></svg>"
              size="16px"
              style={
                Object {
                  "cursor": "pointer",
                  "opacity": 1,
                }
              }
              svg="<svg width=\\"9\\" height=\\"14\\" viewBox=\\"0 0 9 14\\" fill=\\"none\\" xmlns=\\"http://www.w3.org/2000/svg\\"><path d=\\"M1.08049e-06 1.64063L5.27215 7L1.43428e-07 12.3594L1.61392 14L8.5 7L1.61393 3.51674e-07L1.08049e-06 1.64063Z\\"/></svg>"
              width="16px"
            >
              <SVGInline
                appearance="primary"
                className="sc-bdfBwQ cNtyuA"
                classSuffix="-svg"
                cleanup={Array []}
                cleanupExceptions={Array []}
                component="span"
                fill="#008488"
                id="nextMonth"
                onClick={[Function]}
                path="<svg width=\\"9\\" height=\\"14\\" viewBox=\\"0 0 9 14\\" fill=\\"none\\" xmlns=\\"http://www.w3.org/2000/svg\\"><path d=\\"M1.08049e-06 1.64063L5.27215 7L1.43428e-07 12.3594L1.61392 14L8.5 7L1.61393 3.51674e-07L1.08049e-06 1.64063Z\\"/></svg>"
                size="16px"
                style={
                  Object {
                    "cursor": "pointer",
                    "opacity": 1,
                  }
                }
                svg="<svg width=\\"9\\" height=\\"14\\" viewBox=\\"0 0 9 14\\" fill=\\"none\\" xmlns=\\"http://www.w3.org/2000/svg\\"><path d=\\"M1.08049e-06 1.64063L5.27215 7L1.43428e-07 12.3594L1.61392 14L8.5 7L1.61393 3.51674e-07L1.08049e-06 1.64063Z\\"/></svg>"
                width="16px"
              >
                <span
                  appearance="primary"
                  className="SVGInline sc-bdfBwQ cNtyuA"
                  dangerouslySetInnerHTML={
                    Object {
                      "__html": "<svg class=\\"SVGInline-svg sc-bdfBwQ-svg cNtyuA-svg\\" fill=\\"#008488\\" style=\\"width: 16px;height: 16px;\\" width=\\"9\\" height=\\"14\\" viewBox=\\"0 0 9 14\\" fill=\\"none\\" xmlns=\\"http://www.w3.org/2000/svg\\"><path d=\\"M1.08049e-06 1.64063L5.27215 7L1.43428e-07 12.3594L1.61392 14L8.5 7L1.61393 3.51674e-07L1.08049e-06 1.64063Z\\"/></svg>",
                    }
                  }
                  id="nextMonth"
                  onClick={[Function]}
                  path="<svg width=\\"9\\" height=\\"14\\" viewBox=\\"0 0 9 14\\" fill=\\"none\\" xmlns=\\"http://www.w3.org/2000/svg\\"><path d=\\"M1.08049e-06 1.64063L5.27215 7L1.43428e-07 12.3594L1.61392 14L8.5 7L1.61393 3.51674e-07L1.08049e-06 1.64063Z\\"/></svg>"
                  size="16px"
                  style={
                    Object {
                      "cursor": "pointer",
                      "opacity": 1,
                    }
                  }
                />
              </SVGInline>
            </Styled(SVGInline)>
          </Icon>
          <styled.div
            id="date"
            onClick={[Function]}
          >
            <div
              className="sc-dlfnbm jbMwCp"
              id="date"
              onClick={[Function]}
            >
              Janeiro de 2020
            </div>
          </styled.div>
        </div>
      </styled.div>
      <styled.div>
        <div
          className="sc-eCssSg lffWUo"
        >
          <styled.div
            color="#2E7D32"
          >
            <div
              className="sc-jSgupP iCwCmj"
              color="#2E7D32"
            >
              Recebido
            </div>
          </styled.div>
          <styled.div>
            <div
              className="sc-iBPRYJ cBJcQN"
            >
              R$
            </div>
          </styled.div>
          <styled.div
            notLast={true}
          >
            <div
              className="sc-gKsewC dAGjqn"
            >
              2.502,16
            </div>
          </styled.div>
          <styled.div
            color="#D32F2F"
          >
            <div
              className="sc-jSgupP NYaJV"
              color="#D32F2F"
            >
              Previsto
            </div>
          </styled.div>
          <styled.div>
            <div
              className="sc-iBPRYJ cBJcQN"
            >
              R$
            </div>
          </styled.div>
          <styled.div
            notLast={false}
          >
            <div
              className="sc-gKsewC dcSRol"
            >
              8.660,07
            </div>
          </styled.div>
        </div>
      </styled.div>
    </div>
  </styled.div>
</HeaderCalendar>
`;
